
> website-v2@0.1.0 build
> next build

 ⚠ `images.domains` is deprecated in favor of `images.remotePatterns`. Please update next.config.ts to protect your application from malicious users.
   ▲ Next.js 16.0.1 (Turbopack)
   - Environments: .env

   Creating an optimized production build ...
 ✓ Compiled successfully in 4.4s
   Running TypeScript ...
Failed to compile.

./app/careers/[id]/JobDetailClient.tsx:17:10
Type error: Cannot find name 'Job'.

[0m [90m 15 |[39m
 [90m 16 |[39m [36minterface[39m [33mJobDetailClientProps[39m {
[31m[1m>[22m[39m[90m 17 |[39m     job[33m:[39m [33mJob[39m[33m;[39m
 [90m    |[39m          [31m[1m^[22m[39m
 [90m 18 |[39m }
 [90m 19 |[39m
 [90m 20 |[39m [36mexport[39m [36mdefault[39m [36mfunction[39m [33mJobDetailClient[39m({ job }[33m:[39m [33mJobDetailClientProps[39m) {[0m
Next.js build worker exited with code: 1 and signal: null
